###############################################################################
#
# IAR ELF Linker V8.22.2.15995/W32 for ARM                13/Apr/2018  17:06:41
# Copyright 2007-2018 IAR Systems AB.
#
#    Output file  =  C:\Users\Administrator\Desktop\TEST\Debug\Exe\GenSet.out
#    Map file     =  C:\Users\Administrator\Desktop\TEST\Debug\List\GenSet.map
#    Command line =  
#        -f C:\Users\ADMINI~1\AppData\Local\Temp\EWBE6E.tmp
#        (C:\Users\Administrator\Desktop\TEST\Debug\Obj\main.o
#        C:\Users\Administrator\Desktop\TEST\Debug\Obj\misc.o
#        C:\Users\Administrator\Desktop\TEST\Debug\Obj\startup_stm32f10x_hd.o
#        C:\Users\Administrator\Desktop\TEST\Debug\Obj\stm32f10x_adc.o
#        C:\Users\Administrator\Desktop\TEST\Debug\Obj\stm32f10x_bkp.o
#        C:\Users\Administrator\Desktop\TEST\Debug\Obj\stm32f10x_can.o
#        C:\Users\Administrator\Desktop\TEST\Debug\Obj\stm32f10x_cec.o
#        C:\Users\Administrator\Desktop\TEST\Debug\Obj\stm32f10x_crc.o
#        C:\Users\Administrator\Desktop\TEST\Debug\Obj\stm32f10x_dac.o
#        C:\Users\Administrator\Desktop\TEST\Debug\Obj\stm32f10x_dbgmcu.o
#        C:\Users\Administrator\Desktop\TEST\Debug\Obj\stm32f10x_dma.o
#        C:\Users\Administrator\Desktop\TEST\Debug\Obj\stm32f10x_exti.o
#        C:\Users\Administrator\Desktop\TEST\Debug\Obj\stm32f10x_flash.o
#        C:\Users\Administrator\Desktop\TEST\Debug\Obj\stm32f10x_fsmc.o
#        C:\Users\Administrator\Desktop\TEST\Debug\Obj\stm32f10x_gpio.o
#        C:\Users\Administrator\Desktop\TEST\Debug\Obj\stm32f10x_i2c.o
#        C:\Users\Administrator\Desktop\TEST\Debug\Obj\stm32f10x_it.o
#        C:\Users\Administrator\Desktop\TEST\Debug\Obj\stm32f10x_iwdg.o
#        C:\Users\Administrator\Desktop\TEST\Debug\Obj\stm32f10x_pwr.o
#        C:\Users\Administrator\Desktop\TEST\Debug\Obj\stm32f10x_rcc.o
#        C:\Users\Administrator\Desktop\TEST\Debug\Obj\stm32f10x_rtc.o
#        C:\Users\Administrator\Desktop\TEST\Debug\Obj\stm32f10x_sdio.o
#        C:\Users\Administrator\Desktop\TEST\Debug\Obj\stm32f10x_spi.o
#        C:\Users\Administrator\Desktop\TEST\Debug\Obj\stm32f10x_tim.o
#        C:\Users\Administrator\Desktop\TEST\Debug\Obj\stm32f10x_usart.o
#        C:\Users\Administrator\Desktop\TEST\Debug\Obj\stm32f10x_wwdg.o
#        C:\Users\Administrator\Desktop\TEST\Debug\Obj\system_stm32f10x.o -o
#        C:\Users\Administrator\Desktop\TEST\Debug\Exe\GenSet.out --map
#        C:\Users\Administrator\Desktop\TEST\Debug\List\GenSet.map --config
#        D:\IAR8.22\arm\config\linker\ST\stm32f103xE.icf --semihosting --entry
#        __iar_program_start --vfe --text_out locale)
#
###############################################################################

*******************************************************************************
*** RUNTIME MODEL ATTRIBUTES
***

CppFlavor       = *
__SystemLibrary = DLib
__dlib_version  = 6


*******************************************************************************
*** HEAP SELECTION
***

The basic heap was selected because no calls to memory allocation
functions were found in the application outside of system library
functions, and there are calls to deallocation functions in the
application.


*******************************************************************************
*** PLACEMENT SUMMARY
***

"A0":  place at 0x08000000 { ro section .intvec };
"P1":  place in [from 0x08000000 to 0x0807ffff] { ro };
define block CSTACK with size = 4K, alignment = 8 { };
define block HEAP with size = 4K, alignment = 8 { };
"P2":  place in [from 0x20000000 to 0x2000ffff] {
          rw, block CSTACK, block HEAP };

No sections matched the following patterns:

  rw  in "P2"


  Section   Kind        Address    Size  Object
  -------   ----        -------    ----  ------
"A0":                             0x130
  .intvec   ro code  0x08000000   0x130  startup_stm32f10x_hd.o [1]
                   - 0x08000130   0x130

"P1":                             0x2bc
  .text     ro code  0x08000130   0x158  system_stm32f10x.o [1]
  .text     ro code  0x08000288    0x1e  cmain.o [4]
  .text     ro code  0x080002a6     0x4  low_level_init.o [3]
  .text     ro code  0x080002aa     0x2  main.o [1]
  .text     ro code  0x080002ac     0x4  exit.o [3]
  .text     ro code  0x080002b0     0xa  cexit.o [4]
  .text     ro code  0x080002ba    0x12  stm32f10x_it.o [1]
  .text     ro code  0x080002cc    0x14  exit.o [5]
  .text     ro code  0x080002e0    0x10  startup_stm32f10x_hd.o [1]
  .text     ro code  0x080002f0     0xc  cstartup_M.o [4]
  .text     ro code  0x080002fc     0x4  startup_stm32f10x_hd.o [1]
  .text     ro code  0x08000300     0x4  startup_stm32f10x_hd.o [1]
  .text     ro code  0x08000304     0x4  startup_stm32f10x_hd.o [1]
  .text     ro code  0x08000308     0x4  startup_stm32f10x_hd.o [1]
  .text     ro code  0x0800030c     0x4  startup_stm32f10x_hd.o [1]
  .text     ro code  0x08000310     0x4  startup_stm32f10x_hd.o [1]
  .text     ro code  0x08000314     0x4  startup_stm32f10x_hd.o [1]
  .text     ro code  0x08000318     0x4  startup_stm32f10x_hd.o [1]
  .text     ro code  0x0800031c     0x4  startup_stm32f10x_hd.o [1]
  .text     ro code  0x08000320     0x4  startup_stm32f10x_hd.o [1]
  .text     ro code  0x08000324     0x4  startup_stm32f10x_hd.o [1]
  .text     ro code  0x08000328     0x4  startup_stm32f10x_hd.o [1]
  .text     ro code  0x0800032c     0x4  startup_stm32f10x_hd.o [1]
  .text     ro code  0x08000330     0x4  startup_stm32f10x_hd.o [1]
  .text     ro code  0x08000334     0x4  startup_stm32f10x_hd.o [1]
  .text     ro code  0x08000338     0x4  startup_stm32f10x_hd.o [1]
  .text     ro code  0x0800033c     0x4  startup_stm32f10x_hd.o [1]
  .text     ro code  0x08000340     0x4  startup_stm32f10x_hd.o [1]
  .text     ro code  0x08000344     0x4  startup_stm32f10x_hd.o [1]
  .text     ro code  0x08000348     0x4  startup_stm32f10x_hd.o [1]
  .text     ro code  0x0800034c     0x4  startup_stm32f10x_hd.o [1]
  .text     ro code  0x08000350     0x4  startup_stm32f10x_hd.o [1]
  .text     ro code  0x08000354     0x4  startup_stm32f10x_hd.o [1]
  .text     ro code  0x08000358     0x4  startup_stm32f10x_hd.o [1]
  .text     ro code  0x0800035c     0x4  startup_stm32f10x_hd.o [1]
  .text     ro code  0x08000360     0x4  startup_stm32f10x_hd.o [1]
  .text     ro code  0x08000364     0x4  startup_stm32f10x_hd.o [1]
  .text     ro code  0x08000368     0x4  startup_stm32f10x_hd.o [1]
  .text     ro code  0x0800036c     0x4  startup_stm32f10x_hd.o [1]
  .text     ro code  0x08000370     0x4  startup_stm32f10x_hd.o [1]
  .text     ro code  0x08000374     0x4  startup_stm32f10x_hd.o [1]
  .text     ro code  0x08000378     0x4  startup_stm32f10x_hd.o [1]
  .text     ro code  0x0800037c     0x4  startup_stm32f10x_hd.o [1]
  .text     ro code  0x08000380     0x4  startup_stm32f10x_hd.o [1]
  .text     ro code  0x08000384     0x4  startup_stm32f10x_hd.o [1]
  .text     ro code  0x08000388     0x4  startup_stm32f10x_hd.o [1]
  .text     ro code  0x0800038c     0x4  startup_stm32f10x_hd.o [1]
  .text     ro code  0x08000390     0x4  startup_stm32f10x_hd.o [1]
  .text     ro code  0x08000394     0x4  startup_stm32f10x_hd.o [1]
  .text     ro code  0x08000398     0x4  startup_stm32f10x_hd.o [1]
  .text     ro code  0x0800039c     0x4  startup_stm32f10x_hd.o [1]
  .text     ro code  0x080003a0     0x4  startup_stm32f10x_hd.o [1]
  .text     ro code  0x080003a4     0x4  startup_stm32f10x_hd.o [1]
  .text     ro code  0x080003a8     0x4  startup_stm32f10x_hd.o [1]
  .text     ro code  0x080003ac     0x4  startup_stm32f10x_hd.o [1]
  .text     ro code  0x080003b0     0x4  startup_stm32f10x_hd.o [1]
  .text     ro code  0x080003b4     0x4  startup_stm32f10x_hd.o [1]
  .text     ro code  0x080003b8     0x4  startup_stm32f10x_hd.o [1]
  .text     ro code  0x080003bc     0x4  startup_stm32f10x_hd.o [1]
  .text     ro code  0x080003c0     0x4  startup_stm32f10x_hd.o [1]
  .text     ro code  0x080003c4     0x4  startup_stm32f10x_hd.o [1]
  .text     ro code  0x080003c8     0x4  startup_stm32f10x_hd.o [1]
  .text     ro code  0x080003cc     0x4  startup_stm32f10x_hd.o [1]
  .text     ro code  0x080003d0     0x4  startup_stm32f10x_hd.o [1]
  .text     ro code  0x080003d4     0x4  startup_stm32f10x_hd.o [1]
  .text     ro code  0x080003d8     0x4  startup_stm32f10x_hd.o [1]
  .text     ro code  0x080003dc     0x4  startup_stm32f10x_hd.o [1]
  .text     ro code  0x080003e0     0x4  startup_stm32f10x_hd.o [1]
  .text     ro code  0x080003e4     0x4  startup_stm32f10x_hd.o [1]
  .text     ro code  0x080003e8     0x4  startup_stm32f10x_hd.o [1]
                   - 0x080003ec   0x2bc

"P2":                            0x1000
  CSTACK             0x20000000  0x1000  <Block>
    CSTACK  uninit   0x20000000  0x1000  <Block tail>
                   - 0x20001000  0x1000



*******************************************************************************
*** MODULE SUMMARY
***

    Module                  ro code  rw data
    ------                  -------  -------
C:\Users\Administrator\Desktop\TEST\Debug\Obj: [1]
    main.o                        2
    startup_stm32f10x_hd.o      560
    stm32f10x_it.o               18
    system_stm32f10x.o          344
    ----------------------------------------
    Total:                      924

command line: [2]
    ----------------------------------------
    Total:

dl7M_tln.a: [3]
    exit.o                        4
    low_level_init.o              4
    ----------------------------------------
    Total:                        8

rt7M_tl.a: [4]
    cexit.o                      10
    cmain.o                      30
    cstartup_M.o                 12
    ----------------------------------------
    Total:                       52

shb_l.a: [5]
    exit.o                       20
    ----------------------------------------
    Total:                       20

    Linker created                     4 096
--------------------------------------------
    Grand Total:              1 004    4 096


*******************************************************************************
*** ENTRY LIST
***

Entry                      Address  Size  Type      Object
-----                      -------  ----  ----      ------
?main                   0x08000289        Code  Gb  cmain.o [4]
BusFault_Handler        0x080002c1   0x2  Code  Gb  stm32f10x_it.o [1]
CSTACK$$Base            0x20000000         --   Gb  - Linker created -
CSTACK$$Limit           0x20001000         --   Gb  - Linker created -
DebugMon_Handler        0x080002c7   0x2  Code  Gb  stm32f10x_it.o [1]
HardFault_Handler       0x080002bd   0x2  Code  Gb  stm32f10x_it.o [1]
MemManage_Handler       0x080002bf   0x2  Code  Gb  stm32f10x_it.o [1]
NMI_Handler             0x080002bb   0x2  Code  Gb  stm32f10x_it.o [1]
PendSV_Handler          0x080002c9   0x2  Code  Gb  stm32f10x_it.o [1]
Region$$Table$$Base     0x00000000         --   Gb  - Linker created -
Region$$Table$$Limit    0x00000000         --   Gb  - Linker created -
SVC_Handler             0x080002c5   0x2  Code  Gb  stm32f10x_it.o [1]
SetSysClock             0x08000185   0x8  Code  Lc  system_stm32f10x.o [1]
SetSysClockTo72         0x0800018d  0xe0  Code  Lc  system_stm32f10x.o [1]
SysTick_Handler         0x080002cb   0x2  Code  Gb  stm32f10x_it.o [1]
SystemInit              0x08000131  0x54  Code  Gb  system_stm32f10x.o [1]
UsageFault_Handler      0x080002c3   0x2  Code  Gb  stm32f10x_it.o [1]
__cmain                 0x08000289        Code  Gb  cmain.o [4]
__exit                  0x080002cd  0x14  Code  Gb  exit.o [5]
__iar_program_start     0x080002f1        Code  Gb  cstartup_M.o [4]
__iar_systems$$module {Abs}
                        0x00000001        Data  Gb  command line/config [2]
__low_level_init        0x080002a7   0x4  Code  Gb  low_level_init.o [3]
__vector_table          0x08000000        Data  Gb  startup_stm32f10x_hd.o [1]
_call_main              0x08000295        Code  Gb  cmain.o [4]
_exit                   0x080002b1        Code  Gb  cexit.o [4]
_main                   0x080002a3        Code  Gb  cmain.o [4]
exit                    0x080002ad   0x4  Code  Gb  exit.o [3]
main                    0x080002ab   0x2  Code  Gb  main.o [1]


[1] = C:\Users\Administrator\Desktop\TEST\Debug\Obj
[2] = command line
[3] = dl7M_tln.a
[4] = rt7M_tl.a
[5] = shb_l.a

  1 004 bytes of readonly  code memory
  4 096 bytes of readwrite data memory

Errors: none
Warnings: none
